// Jest Snapshot v1, https://goo.gl/fbAQLP

exports[`Contact renders without crashing 1`] = `
Object {
  "asFragment": [Function],
  "baseElement": <body>
    <div>
      <div
        class="Contact"
        id="Contact"
      >
        <div
          class="ContactForm__Wrapper"
        >
          <h2>
            Contact Me
          </h2>
          <h4>
            Do you want to work together?
          </h4>
          <form
            class="ContactForm"
          >
            <input
              class="InputField"
              name="name"
              placeholder="* Name"
              type="text"
              value=""
            />
            <div
              class="ErrorMessage"
            />
            <input
              class="InputField"
              name="email"
              placeholder="* Enter email"
              type="text"
              value=""
            />
            <div
              class="ErrorMessage"
            />
            <input
              class="InputField"
              name="phone"
              placeholder="Phone (optional)"
              type="tel"
              value=""
            />
            <div
              class="ErrorMessage"
            />
            <textarea
              class="TextAreaField"
              name="message"
              placeholder="* I'd love to hear from you!"
            />
            <div
              class="ErrorMessage"
            />
            <button
              type="submit"
            >
              Submit
            </button>
            <div
              class="ContactForm__SuccessMessage --failed"
            >
              
            </div>
          </form>
        </div>
      </div>
    </div>
  </body>,
  "container": <div>
    <div
      class="Contact"
      id="Contact"
    >
      <div
        class="ContactForm__Wrapper"
      >
        <h2>
          Contact Me
        </h2>
        <h4>
          Do you want to work together?
        </h4>
        <form
          class="ContactForm"
        >
          <input
            class="InputField"
            name="name"
            placeholder="* Name"
            type="text"
            value=""
          />
          <div
            class="ErrorMessage"
          />
          <input
            class="InputField"
            name="email"
            placeholder="* Enter email"
            type="text"
            value=""
          />
          <div
            class="ErrorMessage"
          />
          <input
            class="InputField"
            name="phone"
            placeholder="Phone (optional)"
            type="tel"
            value=""
          />
          <div
            class="ErrorMessage"
          />
          <textarea
            class="TextAreaField"
            name="message"
            placeholder="* I'd love to hear from you!"
          />
          <div
            class="ErrorMessage"
          />
          <button
            type="submit"
          >
            Submit
          </button>
          <div
            class="ContactForm__SuccessMessage --failed"
          >
            
          </div>
        </form>
      </div>
    </div>
  </div>,
  "debug": [Function],
  "findAllByAltText": [Function],
  "findAllByDisplayValue": [Function],
  "findAllByLabelText": [Function],
  "findAllByPlaceholderText": [Function],
  "findAllByRole": [Function],
  "findAllByTestId": [Function],
  "findAllByText": [Function],
  "findAllByTitle": [Function],
  "findByAltText": [Function],
  "findByDisplayValue": [Function],
  "findByLabelText": [Function],
  "findByPlaceholderText": [Function],
  "findByRole": [Function],
  "findByTestId": [Function],
  "findByText": [Function],
  "findByTitle": [Function],
  "getAllByAltText": [Function],
  "getAllByDisplayValue": [Function],
  "getAllByLabelText": [Function],
  "getAllByPlaceholderText": [Function],
  "getAllByRole": [Function],
  "getAllByTestId": [Function],
  "getAllByText": [Function],
  "getAllByTitle": [Function],
  "getByAltText": [Function],
  "getByDisplayValue": [Function],
  "getByLabelText": [Function],
  "getByPlaceholderText": [Function],
  "getByRole": [Function],
  "getByTestId": [Function],
  "getByText": [Function],
  "getByTitle": [Function],
  "queryAllByAltText": [Function],
  "queryAllByDisplayValue": [Function],
  "queryAllByLabelText": [Function],
  "queryAllByPlaceholderText": [Function],
  "queryAllByRole": [Function],
  "queryAllByTestId": [Function],
  "queryAllByText": [Function],
  "queryAllByTitle": [Function],
  "queryByAltText": [Function],
  "queryByDisplayValue": [Function],
  "queryByLabelText": [Function],
  "queryByPlaceholderText": [Function],
  "queryByRole": [Function],
  "queryByTestId": [Function],
  "queryByText": [Function],
  "queryByTitle": [Function],
  "rerender": [Function],
  "unmount": [Function],
}
`;
