// Jest Snapshot v1, https://goo.gl/fbAQLP

exports[`Project renders without crashing 1`] = `
Object {
  "asFragment": [Function],
  "baseElement": <body>
    <div>
      <div
        class="Project classy"
        id="classy"
      >
        <div
          class="ExpandedProjectImageBackground"
        >
          <div
            class="Project__Image__Wrapper__Expanded"
          >
            <img
              alt="GoLang"
              class="Project__Image__Expanded"
              src="imgSrcExp"
            />
          </div>
        </div>
        <img
          alt="GoLang"
          class="Project__Image"
          src="imgSrc"
        />
        <div
          class="Project__Details"
        >
          <h3
            class="Project__Name "
          >
            GoLang
          </h3>
          <div
            class="Project__Role "
          >
            bestRole
          </div>
          <ul
            class="Project__Notables "
          />
          <div
            class="Project__Link__Wrapper"
          >
            <a
              class="Project__Link"
              href="https://someproject.com"
              rel="noopener noreferrer"
              target="_blank"
            >
              View Project
            </a>
          </div>
        </div>
      </div>
    </div>
  </body>,
  "container": <div>
    <div
      class="Project classy"
      id="classy"
    >
      <div
        class="ExpandedProjectImageBackground"
      >
        <div
          class="Project__Image__Wrapper__Expanded"
        >
          <img
            alt="GoLang"
            class="Project__Image__Expanded"
            src="imgSrcExp"
          />
        </div>
      </div>
      <img
        alt="GoLang"
        class="Project__Image"
        src="imgSrc"
      />
      <div
        class="Project__Details"
      >
        <h3
          class="Project__Name "
        >
          GoLang
        </h3>
        <div
          class="Project__Role "
        >
          bestRole
        </div>
        <ul
          class="Project__Notables "
        />
        <div
          class="Project__Link__Wrapper"
        >
          <a
            class="Project__Link"
            href="https://someproject.com"
            rel="noopener noreferrer"
            target="_blank"
          >
            View Project
          </a>
        </div>
      </div>
    </div>
  </div>,
  "debug": [Function],
  "findAllByAltText": [Function],
  "findAllByDisplayValue": [Function],
  "findAllByLabelText": [Function],
  "findAllByPlaceholderText": [Function],
  "findAllByRole": [Function],
  "findAllByTestId": [Function],
  "findAllByText": [Function],
  "findAllByTitle": [Function],
  "findByAltText": [Function],
  "findByDisplayValue": [Function],
  "findByLabelText": [Function],
  "findByPlaceholderText": [Function],
  "findByRole": [Function],
  "findByTestId": [Function],
  "findByText": [Function],
  "findByTitle": [Function],
  "getAllByAltText": [Function],
  "getAllByDisplayValue": [Function],
  "getAllByLabelText": [Function],
  "getAllByPlaceholderText": [Function],
  "getAllByRole": [Function],
  "getAllByTestId": [Function],
  "getAllByText": [Function],
  "getAllByTitle": [Function],
  "getByAltText": [Function],
  "getByDisplayValue": [Function],
  "getByLabelText": [Function],
  "getByPlaceholderText": [Function],
  "getByRole": [Function],
  "getByTestId": [Function],
  "getByText": [Function],
  "getByTitle": [Function],
  "queryAllByAltText": [Function],
  "queryAllByDisplayValue": [Function],
  "queryAllByLabelText": [Function],
  "queryAllByPlaceholderText": [Function],
  "queryAllByRole": [Function],
  "queryAllByTestId": [Function],
  "queryAllByText": [Function],
  "queryAllByTitle": [Function],
  "queryByAltText": [Function],
  "queryByDisplayValue": [Function],
  "queryByLabelText": [Function],
  "queryByPlaceholderText": [Function],
  "queryByRole": [Function],
  "queryByTestId": [Function],
  "queryByText": [Function],
  "queryByTitle": [Function],
  "rerender": [Function],
  "unmount": [Function],
}
`;
