// Jest Snapshot v1, https://goo.gl/fbAQLP

exports[`Egg renders without crashing 1`] = `
Object {
  "asFragment": [Function],
  "baseElement": <body>
    <div>
      <button
        class="EggBert"
        role="show-eggs"
      >
        <i
          class="fa"
        />
      </button>
      <div
        class="Egg Egg--1 Egg__Hide"
        data-testid="egg"
      >
        <div
          class="image-wrapper"
        >
          <img
            alt="I love to festival"
            src="https://davidmendez.dev/i_love_to_festival.jpg"
          />
        </div>
      </div>
      <div
        class="Egg Egg--2 Egg__Hide"
        data-testid="egg"
      >
        <div
          class="image-wrapper"
        >
          <img
            alt="I love to garden"
            src="https://davidmendez.dev/i_love_to_garden.jpg"
          />
        </div>
      </div>
      <div
        class="Egg Egg--3 Egg__Hide"
        data-testid="egg"
      >
        <div
          class="image-wrapper"
        >
          <img
            alt="I love my cats"
            src="https://davidmendez.dev/i_love_my_cats.jpg"
          />
        </div>
      </div>
      <div
        class="Egg Egg--4 Egg__Hide"
        data-testid="egg"
      >
        <div
          class="image-wrapper"
        >
          <img
            alt="My love and I"
            src="https://davidmendez.dev/me_and_my_love.jpg"
          />
        </div>
      </div>
    </div>
  </body>,
  "container": <div>
    <button
      class="EggBert"
      role="show-eggs"
    >
      <i
        class="fa"
      />
    </button>
    <div
      class="Egg Egg--1 Egg__Hide"
      data-testid="egg"
    >
      <div
        class="image-wrapper"
      >
        <img
          alt="I love to festival"
          src="https://davidmendez.dev/i_love_to_festival.jpg"
        />
      </div>
    </div>
    <div
      class="Egg Egg--2 Egg__Hide"
      data-testid="egg"
    >
      <div
        class="image-wrapper"
      >
        <img
          alt="I love to garden"
          src="https://davidmendez.dev/i_love_to_garden.jpg"
        />
      </div>
    </div>
    <div
      class="Egg Egg--3 Egg__Hide"
      data-testid="egg"
    >
      <div
        class="image-wrapper"
      >
        <img
          alt="I love my cats"
          src="https://davidmendez.dev/i_love_my_cats.jpg"
        />
      </div>
    </div>
    <div
      class="Egg Egg--4 Egg__Hide"
      data-testid="egg"
    >
      <div
        class="image-wrapper"
      >
        <img
          alt="My love and I"
          src="https://davidmendez.dev/me_and_my_love.jpg"
        />
      </div>
    </div>
  </div>,
  "debug": [Function],
  "findAllByAltText": [Function],
  "findAllByDisplayValue": [Function],
  "findAllByLabelText": [Function],
  "findAllByPlaceholderText": [Function],
  "findAllByRole": [Function],
  "findAllByTestId": [Function],
  "findAllByText": [Function],
  "findAllByTitle": [Function],
  "findByAltText": [Function],
  "findByDisplayValue": [Function],
  "findByLabelText": [Function],
  "findByPlaceholderText": [Function],
  "findByRole": [Function],
  "findByTestId": [Function],
  "findByText": [Function],
  "findByTitle": [Function],
  "getAllByAltText": [Function],
  "getAllByDisplayValue": [Function],
  "getAllByLabelText": [Function],
  "getAllByPlaceholderText": [Function],
  "getAllByRole": [Function],
  "getAllByTestId": [Function],
  "getAllByText": [Function],
  "getAllByTitle": [Function],
  "getByAltText": [Function],
  "getByDisplayValue": [Function],
  "getByLabelText": [Function],
  "getByPlaceholderText": [Function],
  "getByRole": [Function],
  "getByTestId": [Function],
  "getByText": [Function],
  "getByTitle": [Function],
  "queryAllByAltText": [Function],
  "queryAllByDisplayValue": [Function],
  "queryAllByLabelText": [Function],
  "queryAllByPlaceholderText": [Function],
  "queryAllByRole": [Function],
  "queryAllByTestId": [Function],
  "queryAllByText": [Function],
  "queryAllByTitle": [Function],
  "queryByAltText": [Function],
  "queryByDisplayValue": [Function],
  "queryByLabelText": [Function],
  "queryByPlaceholderText": [Function],
  "queryByRole": [Function],
  "queryByTestId": [Function],
  "queryByText": [Function],
  "queryByTitle": [Function],
  "rerender": [Function],
  "unmount": [Function],
}
`;
